// Jest Snapshot v1, https://goo.gl/fbAQLP

exports[`ArticleTextToggleButton tests renders correctly 1`] = `
<div>
  <button
    class="button"
  >
    Show more
  </button>
</div>
`;
