// Jest Snapshot v1, https://goo.gl/fbAQLP

exports[`articleImage test renders correctly 1`] = `
<div>
  <img
    alt="The Statue of Liberty's torch heads to new museum"
    class="image"
    src="https://cdn.cnn.com/cnnnext/dam/assets/170321135754-airport-security-line-file-super-169.jpg"
  />
</div>
`;
